{
  message: 'Ruta de prueba de log accedida',
  level: 'info',
  timestamp: '08-05-2026 10:09:29'
}
{
  message: 'Esto es una prueba de log tipo Error',
  level: 'error',
  timestamp: '08-05-2026 10:09:29'
}
{
  message: 'Esto es una prueba de log tipo Warn',
  level: 'warn',
  timestamp: '08-05-2026 10:09:29'
}
{
  message: 'Esto es una prueba de log tipo Info',
  level: 'info',
  timestamp: '08-05-2026 10:09:29'
}
{
  message: 'Ruta de prueba de log accedida',
  level: 'info',
  timestamp: '08-05-2026 10:10:29'
}
{
  message: 'Esto es una prueba de log tipo Error',
  level: 'error',
  timestamp: '08-05-2026 10:10:29'
}
{
  message: 'Esto es una prueba de log tipo Warn',
  level: 'warn',
  timestamp: '08-05-2026 10:10:29'
}
{
  message: 'Esto es una prueba de log tipo Info',
  level: 'info',
  timestamp: '08-05-2026 10:10:29'
}
{
  message: 'Ruta de prueba de log accedida',
  level: 'info',
  timestamp: '08-05-2026 10:12:43'
}
{
  message: 'Esto es una prueba de log tipo Error',
  level: 'error',
  timestamp: '08-05-2026 10:12:43'
}
{
  message: 'Esto es una prueba de log tipo Warn',
  level: 'warn',
  timestamp: '08-05-2026 10:12:43'
}
{
  message: 'Esto es una prueba de log tipo Info',
  level: 'info',
  timestamp: '08-05-2026 10:12:43'
}
{
  message: 'Ruta de prueba de log accedida',
  level: 'info',
  timestamp: '08-05-2026 10:16:14'
}
{
  message: 'Esto es una prueba de log tipo Error',
  level: 'error',
  timestamp: '08-05-2026 10:16:14'
}
{
  message: 'Esto es una prueba de log tipo Warn',
  level: 'warn',
  timestamp: '08-05-2026 10:16:14'
}
{
  message: 'Esto es una prueba de log tipo Info',
  level: 'info',
  timestamp: '08-05-2026 10:16:14'
}
{
  message: 'Ruta de prueba de log accedida',
  level: 'info',
  timestamp: '08-05-2026 10:16:28'
}
{
  message: 'Esto es una prueba de log tipo Error',
  level: 'error',
  timestamp: '08-05-2026 10:16:28'
}
{
  message: 'Esto es una prueba de log tipo Warn',
  level: 'warn',
  timestamp: '08-05-2026 10:16:28'
}
{
  message: 'Esto es una prueba de log tipo Info',
  level: 'info',
  timestamp: '08-05-2026 10:16:28'
}
{
  message: 'Ruta de prueba de log accedida',
  level: 'info',
  timestamp: '08-05-2026 10:17:25'
}
{
  message: 'Esto es una prueba de log tipo Error',
  level: 'error',
  timestamp: '08-05-2026 10:17:25'
}
{
  message: 'Esto es una prueba de log tipo Warn',
  level: 'warn',
  timestamp: '08-05-2026 10:17:25'
}
{
  message: 'Esto es una prueba de log tipo Info',
  level: 'info',
  timestamp: '08-05-2026 10:17:25'
}
